INFO 2026-06-15 22:04:20,906 market_service 12152 10772 Loaded 8 market symbols
INFO 2026-06-15 22:07:02,806 market_service 2128 6656 Loaded 3 market symbols
INFO 2026-06-15 22:07:02,806 market_service 5960 612 Loaded 3 market symbols
INFO 2026-06-15 22:07:39,102 market_service 5932 1076 Loaded 6 market symbols
DEBUG 2026-06-15 22:09:11,469 connection 9696 6100 Failed to enable maintenance notifications: unknown subcommand 'MAINT_NOTIFICATIONS'. Try CLIENT HELP.
INFO 2026-06-15 22:09:11,901 market_service 9696 6100 Redis connection established
INFO 2026-06-15 22:09:12,531 market_service 9696 6100 Loaded 6 market symbols
INFO 2026-06-15 22:09:24,986 market_service 9696 6100 Loaded 6 market symbols
INFO 2026-06-15 22:10:32,106 market_service 3024 2088 Loaded 6 market symbols
INFO 2026-06-15 22:10:41,874 market_service 11880 5252 Loaded 7 market symbols
INFO 2026-06-15 22:20:41,474 market_service 3116 3280 Loaded 8 market symbols
INFO 2026-06-15 22:21:07,283 market_service 3256 2880 Loaded 8 market symbols

DEBUG 2026-06-15 22:45:51,658 connection 9972 2456 Failed to enable maintenance notifications: unknown subcommand 'MAINT_NOTIFICATIONS'. Try CLIENT HELP.
INFO 2026-06-15 22:45:52,366 market_service 9972 2456 Redis connection established
INFO 2026-06-15 22:45:54,393 market_service 9972 2456 Loaded 5 market symbols
INFO 2026-06-15 22:46:03,802 market_service 9972 2456 Loaded 5 market symbols
INFO 2026-06-15 22:47:10,237 market_service 12716 12492 Loaded 5 market symbols
INFO 2026-06-15 22:47:35,148 market_service 5960 9708 Loaded 6 market symbols
INFO 2026-06-15 22:48:07,414 market_service 4452 12504 Loaded 6 market symbols
INFO 2026-06-15 22:48:57,482 market_service 11732 11444 Loaded 5 market symbols
INFO 2026-06-15 22:49:03,367 market_service 4568 12680 Loaded 7 market symbols
INFO 2026-06-15 22:49:28,902 market_service 4464 12752 Loaded 5 market symbols
INFO 2026-06-15 22:49:37,079 market_service 13192 11400 Loaded 8 market symbols
INFO 2026-06-15 22:50:18,743 market_service 8724 9564 Loaded 5 market symbols
INFO 2026-06-15 22:50:24,005 market_service 9924 6584 Loaded 7 market symbols
INFO 2026-06-15 22:51:46,245 market_service 10532 9272 Loaded 8 market symbols
INFO 2026-06-15 22:52:00,333 market_service 11244 12364 Loaded 5 market symbols
INFO 2026-06-15 22:52:06,093 market_service 2956 11864 Loaded 7 market symbols
INFO 2026-06-15 22:57:16,683 market_service 11584 7116 Loaded 5 market symbols
INFO 2026-06-15 22:57:20,819 market_service 13236 12908 Loaded 7 market symbols
INFO 2026-06-15 23:16:44,901 market_service 7068 5596 Loaded 5 market symbols
INFO 2026-06-15 23:16:49,550 market_service 11624 9352 Loaded 7 market symbols
INFO 2026-06-26 23:19:29,577 market_service 6384 13016 Loaded 8 market symbols
INFO 2026-06-26 23:20:15,550 market_service 1532 10288 Loaded 8 market symbols
INFO 2026-06-27 00:27:36,489 market_service 10408 9672 Loaded 5 market symbols
DEBUG 2026-06-27 01:09:55,314 connection 5160 856 Failed to enable maintenance notifications: unknown subcommand 'MAINT_NOTIFICATIONS'. Try CLIENT HELP.
INFO 2026-06-27 01:09:55,423 market_service 5160 856 Redis connection established
INFO 2026-06-27 01:09:55,445 market_service 5160 856 Loaded 5 market symbols
DEBUG 2026-06-27 01:13:11,964 connection 4632 948 Failed to enable maintenance notifications: unknown subcommand 'MAINT_NOTIFICATIONS'. Try CLIENT HELP.
INFO 2026-06-27 01:13:11,965 market_service 4632 948 Redis connection established
INFO 2026-06-27 01:13:11,970 market_service 4632 948 Loaded 5 market symbols
INFO 2026-06-27 01:13:13,474 market_service 4632 948 Loaded 5 market symbols
DEBUG 2026-06-27 01:16:10,925 connection 2160 2028 Failed to enable maintenance notifications: unknown subcommand 'MAINT_NOTIFICATIONS'. Try CLIENT HELP.
INFO 2026-06-27 01:16:10,926 market_service 2160 2028 Redis connection established
INFO 2026-06-27 01:16:10,931 market_service 2160 2028 Loaded 5 market symbols
INFO 2026-06-27 01:16:11,084 market_service 2160 2028 Loaded 5 market symbols
INFO 2026-06-27 01:16:23,032 market_service 5480 6712 Loaded 5 market symbols
INFO 2026-06-27 01:16:29,203 market_service 632 9640 Loaded 7 market symbols
INFO 2026-06-27 01:18:36,240 market_service 12608 7084 Loaded 7 market symbols
INFO 2026-06-27 01:22:18,190 market_service 12712 11776 Loaded 5 market symbols
INFO 2026-06-27 01:22:31,732 market_service 4264 6460 Loaded 7 market symbols
INFO 2026-06-27 01:28:48,394 market_service 124 12688 Loaded 8 market symbols
INFO 2026-06-27 01:33:39,820 autoreload 4348 12040 Watching for file changes with StatReloader
INFO 2026-06-27 01:33:41,612 market_service 4348 12040 Loaded 8 market symbols
WARNING 2026-06-27 01:36:31,142 log 4348 11884 Not Found: /
WARNING 2026-06-27 01:36:31,142 log 4348 1076 Not Found: /
WARNING 2026-06-27 01:36:32,752 log 4348 11068 Not Found: /
WARNING 2026-06-27 01:36:41,786 log 4348 11068 Not Found: /favicon.ico
INFO 2026-06-27 01:39:23,300 market_service 11376 120 Loaded 8 market symbols
INFO 2026-06-27 01:41:49,006 autoreload 8524 9964 Watching for file changes with StatReloader
INFO 2026-06-27 01:41:50,029 market_service 8524 9964 Loaded 8 market symbols
INFO 2026-06-28 10:30:42,747 market_service 12080 13004 Loaded 8 market symbols
INFO 2026-06-28 10:33:56,907 market_service 12248 12808 Loaded 8 market symbols
INFO 2026-06-28 11:22:02,848 notification_service 2140 9008 Push notification: Trade opened: R_75 via trend
INFO 2026-06-28 20:37:00,612 market_service 5100 8488 Loaded 8 market symbols
INFO 2026-07-04 23:53:10,004 market_service 6780 2568 Loaded 8 market symbols
INFO 2026-07-04 23:53:38,622 market_service 2488 4420 Loaded 8 market symbols
INFO 2026-07-04 23:55:06,715 market_service 7196 2940 Loaded 8 market symbols
INFO 2026-07-04 23:55:25,747 market_service 8820 480 Loaded 8 market symbols
INFO 2026-07-04 23:56:10,619 market_service 11176 1276 Loaded 8 market symbols
INFO 2026-07-04 23:58:10,601 market_service 5944 860 Loaded 8 market symbols
INFO 2026-07-05 00:01:43,396 market_service 1196 7680 Loaded 8 market symbols
INFO 2026-07-05 00:03:07,077 market_service 8260 6340 Loaded 8 market symbols
ERROR 2026-07-05 00:04:16,506 market_service 8760 8316 Symbol load error: no such table: trading_marketsymbol
ERROR 2026-07-05 00:04:29,977 market_service 2868 5700 Symbol load error: no such table: trading_marketsymbol
INFO 2026-07-05 00:21:05,639 market_service 11972 3508 Loaded 6 market symbols
INFO 2026-07-05 00:27:10,892 market_service 1632 4368 Loaded 6 market symbols
INFO 2026-07-05 00:27:47,581 market_service 984 6036 Loaded 6 market symbols
INFO 2026-07-05 00:40:05,668 market_service 472 5132 Loaded 6 market symbols
INFO 2026-07-05 00:41:21,547 market_service 2896 2240 Loaded 6 market symbols
INFO 2026-07-05 01:17:56,364 market_service 11940 6668 Loaded 6 market symbols
INFO 2026-07-05 01:24:06,911 market_service 8092 7164 Loaded 6 market symbols
INFO 2026-07-05 01:25:10,284 market_service 4704 4452 Loaded 6 market symbols
INFO 2026-07-05 01:25:27,162 market_service 10488 3032 Loaded 6 market symbols
INFO 2026-07-05 01:58:16,783 autoreload 8340 6624 Watching for file changes with StatReloader
INFO 2026-07-05 02:00:31,054 market_service 8340 6624 Loaded 6 market symbols
INFO 2026-07-05 02:00:31,054 market_service 4488 6608 Loaded 6 market symbols
INFO 2026-07-12 17:41:46,128 market_service 8700 4712 Loaded 6 market symbols
INFO 2026-07-12 18:19:01,480 market_service 5316 12120 Loaded 6 market symbols
INFO 2026-07-12 18:20:07,760 market_service 4952 9968 Loaded 0 market symbols
INFO 2026-07-12 18:44:36,099 autoreload 9980 10548 Watching for file changes with StatReloader
INFO 2026-07-12 18:45:03,699 market_service 9980 10548 Loaded 6 market symbols
INFO 2026-07-12 18:46:00,521 market_service 8216 364 Loaded 0 market symbols
INFO 2026-07-12 18:47:29,090 market_service 9024 4188 Loaded 0 market symbols
INFO 2026-07-12 18:49:22,752 market_service 2492 1768 Loaded 6 market symbols
INFO 2026-07-12 18:49:23,755 market_service 12168 4924 Loaded 0 market symbols
INFO 2026-07-12 18:59:17,497 market_service 11872 11876 Loaded 6 market symbols
WARNING 2026-07-12 19:03:15,682 log 9980 11908 Not Found: /favicon.ico
WARNING 2026-07-12 19:03:16,858 log 9980 5816 Not Found: /favicon.ico
INFO 2026-07-12 19:08:26,061 market_service 12352 11960 Loaded 6 market symbols
INFO 2026-07-12 19:08:28,878 notification_service 5572 5420 Push notification: Trade opened: R_75 via trend
INFO 2026-07-12 19:08:33,204 market_service 4440 12296 Loaded 6 market symbols
INFO 2026-07-12 19:08:37,157 market_service 1160 11940 Loaded 6 market symbols
ERROR 2026-07-12 19:09:41,844 audit_middleware 9980 4188 AuditMiddleware failed to persist audit log
Traceback (most recent call last):
  File "C:\Users\Michael Ndung'u\AppData\Local\Programs\Python\Python314\Lib\site-packages\django\db\backends\utils.py", line 105, in _execute
    return self.cursor.execute(sql, params)
           ~~~~~~~~~~~~~~~~~~~^^^^^^^^^^^^^
  File "C:\Users\Michael Ndung'u\AppData\Local\Programs\Python\Python314\Lib\site-packages\django\db\backends\sqlite3\base.py", line 359, in execute
    return super().execute(query, params)
           ~~~~~~~~~~~~~~~^^^^^^^^^^^^^^^
sqlite3.OperationalError: database is locked

The above exception was the direct cause of the following exception:

Traceback (most recent call last):
  File "D:\deriv_platform\core\middleware\audit_middleware.py", line 32, in process_response
    AuditLog.objects.create(
    ~~~~~~~~~~~~~~~~~~~~~~~^
        user=getattr(request, 'user', None) if getattr(request, 'user', None) and request.user.is_authenticated else None,
        ^^^^^^^^^^^^^^^^^^^^^^^^^^^^^^^^^^^^^^^^^^^^^^^^^^^^^^^^^^^^^^^^^^^^^^^^^^^^^^^^^^^^^^^^^^^^^^^^^^^^^^^^^^^^^^^^^^
    ...<7 lines>...
        error='',
        ^^^^^^^^^
    )
    ^
  File "C:\Users\Michael Ndung'u\AppData\Local\Programs\Python\Python314\Lib\site-packages\django\db\models\manager.py", line 87, in manager_method
    return getattr(self.get_queryset(), name)(*args, **kwargs)
           ~~~~~~~~~~~~~~~~~~~~~~~~~~~~~~~~~~^^^^^^^^^^^^^^^^^
  File "C:\Users\Michael Ndung'u\AppData\Local\Programs\Python\Python314\Lib\site-packages\django\db\models\query.py", line 669, in create
    obj.save(force_insert=True, using=self.db)
    ~~~~~~~~^^^^^^^^^^^^^^^^^^^^^^^^^^^^^^^^^^
  File "C:\Users\Michael Ndung'u\AppData\Local\Programs\Python\Python314\Lib\site-packages\django\db\models\base.py", line 874, in save
    self.save_base(
    ~~~~~~~~~~~~~~^
        using=using,
        ^^^^^^^^^^^^
    ...<2 lines>...
        update_fields=update_fields,
        ^^^^^^^^^^^^^^^^^^^^^^^^^^^^
    )
    ^
  File "C:\Users\Michael Ndung'u\AppData\Local\Programs\Python\Python314\Lib\site-packages\django\db\models\base.py", line 966, in save_base
    updated = self._save_table(
        raw,
    ...<4 lines>...
        update_fields,
    )
  File "C:\Users\Michael Ndung'u\AppData\Local\Programs\Python\Python314\Lib\site-packages\django\db\models\base.py", line 1169, in _save_table
    results = self._do_insert(
        cls._base_manager, using, insert_fields, returning_fields, raw
    )
  File "C:\Users\Michael Ndung'u\AppData\Local\Programs\Python\Python314\Lib\site-packages\django\db\models\base.py", line 1220, in _do_insert
    return manager._insert(
           ~~~~~~~~~~~~~~~^
        [self],
        ^^^^^^^
    ...<3 lines>...
        raw=raw,
        ^^^^^^^^
    )
    ^
  File "C:\Users\Michael Ndung'u\AppData\Local\Programs\Python\Python314\Lib\site-packages\django\db\models\manager.py", line 87, in manager_method
    return getattr(self.get_queryset(), name)(*args, **kwargs)
           ~~~~~~~~~~~~~~~~~~~~~~~~~~~~~~~~~~^^^^^^^^^^^^^^^^^
  File "C:\Users\Michael Ndung'u\AppData\Local\Programs\Python\Python314\Lib\site-packages\django\db\models\query.py", line 1918, in _insert
    return query.get_compiler(using=using).execute_sql(returning_fields)
           ~~~~~~~~~~~~~~~~~~~~~~~~~~~~~~~~~~~~~~~~~~~^^^^^^^^^^^^^^^^^^
  File "C:\Users\Michael Ndung'u\AppData\Local\Programs\Python\Python314\Lib\site-packages\django\db\models\sql\compiler.py", line 1925, in execute_sql
    cursor.execute(sql, params)
    ~~~~~~~~~~~~~~^^^^^^^^^^^^^
  File "C:\Users\Michael Ndung'u\AppData\Local\Programs\Python\Python314\Lib\site-packages\django\db\backends\utils.py", line 122, in execute
    return super().execute(sql, params)
           ~~~~~~~~~~~~~~~^^^^^^^^^^^^^
  File "C:\Users\Michael Ndung'u\AppData\Local\Programs\Python\Python314\Lib\site-packages\django\db\backends\utils.py", line 79, in execute
    return self._execute_with_wrappers(
           ~~~~~~~~~~~~~~~~~~~~~~~~~~~^
        sql, params, many=False, executor=self._execute
        ^^^^^^^^^^^^^^^^^^^^^^^^^^^^^^^^^^^^^^^^^^^^^^^
    )
    ^
  File "C:\Users\Michael Ndung'u\AppData\Local\Programs\Python\Python314\Lib\site-packages\django\db\backends\utils.py", line 92, in _execute_with_wrappers
    return executor(sql, params, many, context)
  File "C:\Users\Michael Ndung'u\AppData\Local\Programs\Python\Python314\Lib\site-packages\django\db\backends\utils.py", line 100, in _execute
    with self.db.wrap_database_errors:
         ^^^^^^^^^^^^^^^^^^^^^^^^^^^^
  File "C:\Users\Michael Ndung'u\AppData\Local\Programs\Python\Python314\Lib\site-packages\django\db\utils.py", line 94, in __exit__
    raise dj_exc_value.with_traceback(traceback) from exc_value
  File "C:\Users\Michael Ndung'u\AppData\Local\Programs\Python\Python314\Lib\site-packages\django\db\backends\utils.py", line 105, in _execute
    return self.cursor.execute(sql, params)
           ~~~~~~~~~~~~~~~~~~~^^^^^^^^^^^^^
  File "C:\Users\Michael Ndung'u\AppData\Local\Programs\Python\Python314\Lib\site-packages\django\db\backends\sqlite3\base.py", line 359, in execute
    return super().execute(query, params)
           ~~~~~~~~~~~~~~~^^^^^^^^^^^^^^^
django.db.utils.OperationalError: database is locked
DEBUG 2026-07-12 19:11:02,580 connectionpool 9980 4188 Starting new HTTPS connection (1): auth.deriv.com:443
DEBUG 2026-07-12 19:11:12,841 connectionpool 9980 4188 https://auth.deriv.com:443 "POST /oauth2/token HTTP/1.1" 200 None
ERROR 2026-07-12 19:11:17,454 log 9980 4188 Internal Server Error: /callback/
WARNING 2026-07-12 19:11:19,401 log 9980 4188 Not Found: /favicon.ico
INFO 2026-07-12 19:12:56,900 market_service 4012 10760 Loaded 0 market symbols
INFO 2026-07-12 19:17:30,021 autoreload 9980 10548 D:\deriv_platform\core\apps.py changed, reloading.
INFO 2026-07-12 19:19:03,638 autoreload 8100 10808 Watching for file changes with StatReloader
INFO 2026-07-12 19:19:14,889 market_service 4144 9432 Loaded 0 market symbols
INFO 2026-07-12 19:19:15,110 market_service 8100 10808 Loaded 5 market symbols
INFO 2026-07-12 19:20:21,705 market_service 11260 7508 Loaded 5 market symbols
INFO 2026-07-12 19:23:22,529 market_service 11404 7208 Loaded 0 market symbols
INFO 2026-07-12 19:25:01,120 market_service 4020 11760 Loaded 0 market symbols
INFO 2026-07-12 19:25:29,571 notification_service 4020 11760 Brevo email skipped; API key not configured for leader@example.com
INFO 2026-07-12 19:25:29,574 notification_service 4020 11760 Push notification: Trade opened: R_100 via test-strategy (0.35)
INFO 2026-07-12 19:25:44,241 market_service 1544 10888 Loaded 5 market symbols
INFO 2026-07-12 19:26:05,907 market_service 9232 1528 Loaded 5 market symbols
INFO 2026-07-12 19:26:36,948 notification_service 9232 1528 Brevo email skipped; API key not configured for leader@example.com
INFO 2026-07-12 19:26:36,950 notification_service 9232 1528 Push notification: Trade opened: R_100 via test-strategy (0.35)
DEBUG 2026-07-12 19:28:56,409 connection 12164 9628 Failed to enable maintenance notifications: unknown subcommand 'MAINT_NOTIFICATIONS'. Try CLIENT HELP.
INFO 2026-07-12 19:28:57,973 market_service 12164 9628 Redis connection established
DEBUG 2026-07-12 19:28:59,980 client 12164 9628 Operation failed, with connection: <redis.connection.Connection(host=127.0.0.1,port=6379,db=0)>, details: not connected
DEBUG 2026-07-12 19:29:01,993 client 12164 9628 Operation failed, with connection: <redis.connection.Connection(host=127.0.0.1,port=6379,db=0)>, details: not connected
DEBUG 2026-07-12 19:29:04,009 client 12164 9628 Operation failed, with connection: <redis.connection.Connection(host=127.0.0.1,port=6379,db=0)>, details: not connected
DEBUG 2026-07-12 19:29:06,026 client 12164 9628 Operation failed, with connection: <redis.connection.Connection(host=127.0.0.1,port=6379,db=0)>, details: not connected
DEBUG 2026-07-12 19:29:08,087 client 12164 9628 Operation failed, with connection: <redis.connection.Connection(host=127.0.0.1,port=6379,db=0)>, details: not connected
DEBUG 2026-07-12 19:29:10,291 client 12164 9628 Operation failed, with connection: <redis.connection.Connection(host=127.0.0.1,port=6379,db=0)>, details: not connected
DEBUG 2026-07-12 19:29:12,387 client 12164 9628 Operation failed, with connection: <redis.connection.Connection(host=127.0.0.1,port=6379,db=0)>, details: not connected
DEBUG 2026-07-12 19:29:15,397 client 12164 9628 Operation failed, with connection: <redis.connection.Connection(host=127.0.0.1,port=6379,db=0)>, details: not connected
DEBUG 2026-07-12 19:29:17,943 client 12164 9628 Operation failed, with connection: <redis.connection.Connection(host=127.0.0.1,port=6379,db=0)>, details: not connected
DEBUG 2026-07-12 19:29:20,951 client 12164 9628 Operation failed, with connection: <redis.connection.Connection(host=127.0.0.1,port=6379,db=0)>, details: not connected
DEBUG 2026-07-12 19:29:23,965 client 12164 9628 Operation failed, with connection: <redis.connection.Connection(host=127.0.0.1,port=6379,db=0)>, details: not connected
ERROR 2026-07-12 19:29:23,965 market_service 12164 9628 Cache set error: Timeout reading from socket
INFO 2026-07-12 19:30:10,426 market_service 764 4448 Loaded 5 market symbols
INFO 2026-07-12 19:30:58,428 market_service 12748 5972 Loaded 7 market symbols
INFO 2026-07-12 19:35:05,669 market_service 4924 7896 Loaded 8 market symbols
INFO 2026-07-12 19:35:21,349 notification_service 13132 6692 Push notification: Trade opened: R_75 via trend
INFO 2026-07-12 19:35:32,613 market_service 5212 6084 Loaded 8 market symbols
INFO 2026-07-12 19:35:50,352 market_service 12492 2892 Loaded 8 market symbols
DEBUG 2026-07-12 19:38:17,819 connection 10784 10780 Failed to enable maintenance notifications: unknown subcommand 'MAINT_NOTIFICATIONS'. Try CLIENT HELP.
INFO 2026-07-12 19:38:17,968 market_service 10784 10780 Redis connection established
INFO 2026-07-12 19:38:18,102 market_service 10784 10780 Loaded 5 market symbols
INFO 2026-07-12 19:38:18,859 market_service 10784 10780 Loaded 5 market symbols
INFO 2026-07-12 19:38:32,127 market_service 5088 8032 Loaded 5 market symbols
INFO 2026-07-12 19:38:45,615 market_service 7176 832 Loaded 7 market symbols
INFO 2026-07-12 19:58:54,272 autoreload 8100 10808 D:\deriv_platform\core\apps.py changed, reloading.
INFO 2026-07-12 20:01:10,434 autoreload 72 4724 Watching for file changes with StatReloader
INFO 2026-07-12 20:01:20,016 market_service 72 4724 Loaded 8 market symbols
INFO 2026-07-18 19:36:31,088 market_service 2732 1680 Loaded 0 market symbols
INFO 2026-07-18 19:36:59,698 market_service 6276 6832 Loaded 0 market symbols
INFO 2026-07-18 19:40:25,902 autoreload 7964 7984 Watching for file changes with StatReloader
INFO 2026-07-18 19:40:26,579 market_service 7964 7984 Loaded 8 market symbols
WARNING 2026-07-18 19:41:41,274 log 7964 11908 Not Found: /favicon.ico
WARNING 2026-07-18 19:41:52,658 log 7964 3632 Unauthorized: /api/profile/my_profile/
WARNING 2026-07-18 19:41:53,343 log 7964 3504 Unauthorized: /api/subscription/my_subscription/
INFO 2026-07-18 19:53:27,021 autoreload 7964 7984 D:\deriv_platform\deriv_platform\urls.py changed, reloading.
INFO 2026-07-18 19:53:50,538 autoreload 2732 11688 Watching for file changes with StatReloader
INFO 2026-07-18 19:54:14,243 market_service 2732 11688 Loaded 8 market symbols
INFO 2026-07-18 19:54:23,969 market_service 9872 6396 Loaded 0 market symbols
WARNING 2026-07-18 19:54:24,801 log 9872 6396 Not Found: /forgot-password/
WARNING 2026-07-18 19:54:24,803 log 9872 6396 Not Found: /reset-password/demo-token/
WARNING 2026-07-18 19:54:24,805 log 9872 6396 Not Found: /verify-email/
INFO 2026-07-18 19:54:32,517 market_service 9560 13120 Loaded 0 market symbols
WARNING 2026-07-18 19:54:33,649 log 9560 13120 Not Found: /forgot-password/
WARNING 2026-07-18 19:54:33,657 log 9560 13120 Not Found: /reset-password/demo-token/
WARNING 2026-07-18 19:54:33,663 log 9560 13120 Not Found: /verify-email/
INFO 2026-07-18 19:57:55,372 market_service 2552 11776 Loaded 0 market symbols
WARNING 2026-07-18 19:58:14,380 log 2552 11776 Not Found: /forgot-password/
WARNING 2026-07-18 19:58:14,385 log 2552 11776 Not Found: /reset-password/demo-token/
WARNING 2026-07-18 19:58:14,388 log 2552 11776 Not Found: /verify-email/
INFO 2026-07-18 19:59:42,860 market_service 6484 8620 Loaded 0 market symbols
WARNING 2026-07-18 19:59:43,482 log 6484 8620 Not Found: /forgot-password/
WARNING 2026-07-18 19:59:43,484 log 6484 8620 Not Found: /reset-password/demo-token/
WARNING 2026-07-18 19:59:43,485 log 6484 8620 Not Found: /verify-email/
INFO 2026-07-18 19:59:48,583 market_service 6196 6060 Loaded 0 market symbols
WARNING 2026-07-18 19:59:48,903 log 6196 6060 Not Found: /forgot-password/
WARNING 2026-07-18 19:59:48,905 log 6196 6060 Not Found: /reset-password/demo-token/
WARNING 2026-07-18 19:59:48,907 log 6196 6060 Not Found: /verify-email/
INFO 2026-07-18 20:04:34,597 autoreload 2732 11688 D:\deriv_platform\core\views.py changed, reloading.
INFO 2026-07-18 20:07:54,822 autoreload 3488 6364 Watching for file changes with StatReloader
INFO 2026-07-18 20:08:12,909 market_service 3488 6364 Loaded 8 market symbols
WARNING 2026-07-18 20:09:34,610 log 3488 7544 Unauthorized: /api/subscription/my_subscription/
WARNING 2026-07-18 20:09:35,094 log 3488 11912 Unauthorized: /api/profile/my_profile/
INFO 2026-07-18 20:09:51,895 autoreload 3488 6364 D:\deriv_platform\core\views.py changed, reloading.
INFO 2026-07-18 20:10:45,278 autoreload 3476 1920 Watching for file changes with StatReloader
INFO 2026-07-18 20:11:12,516 market_service 3476 1920 Loaded 8 market symbols
INFO 2026-07-18 20:12:45,497 autoreload 3476 1920 D:\deriv_platform\core\views.py changed, reloading.
INFO 2026-07-18 20:13:36,732 autoreload 3372 1072 Watching for file changes with StatReloader
INFO 2026-07-18 20:13:48,913 market_service 3372 1072 Loaded 8 market symbols
